{ " FIXME: this super duper should be failing", { "let", "sqr_overcomplicated", "=", "lambda_annotated", { "t", { "x", ":", "t" } }, ":", "host-string", { "x", "*", "x" } }, { "sqr_overcomplicated", "host-number", 6 } }
