{ { "let", "mutable-number", "=", { "new-host-type", { "new-host-unique-id", { elements = { "mutable-number" }, kind = "string" } } } }, { "let", "new-mutable-number", "=", "intrinsic", { elements = { "return function(x) return { x = x } end" }, kind = "string" }, ":", { "host-prog-type", { { "num", ":", "host-number" } }, "->", { { "res", ":", "mutable-number" } } } }, { "let", "get-mutable-number", "=", "intrinsic", { elements = { "return function(num) return num.x end" }, kind = "string" }, ":", { "host-prog-type", { { "num", ":", "mutable-number" } }, "->", { { "x", ":", "host-number" } } } }, { "let", "mutate-number", "=", "intrinsic", { elements = { "return function(num, m, c) num.x = num.x * m + c end" }, kind = "string" }, ":", { "host-prog-type", { { "num", ":", "mutable-number" }, { "m", ":", "host-number" }, { "c", ":", "host-number" } }, "->", { } } }, { "let", { "my-mutable-number" }, "=", { "new-mutable-number", 0 } }, { "let", { "x" }, "=", { "get-mutable-number", "my-mutable-number" } }, { "let", { }, "=", { "mutate-number", "my-mutable-number", 3, 1 } }, { "mutate-number", "my-mutable-number", 3, 1 }, { "let", { "y" }, "=", { "get-mutable-number", "my-mutable-number" } }, "y" }
