{ { "let", "footype", "=", "record", { "x", ":", "host-number" } }, { "let", "foo", "=", "the", "footype", { "record-of", { "x", "=", { elements = { "x" }, kind = "string" } } } } }
