{ { "let", "my-tuple-desc", "=", { "tuple-desc", { "x", ":", "host-number" }, { "y", ":", "host-number" } } }, { "let", "my-tuple-type", "=", { "tuple-type", "my-tuple-desc" } }, { "the", "my-tuple-type", { "tuple-of", 3, 4 } }, { "let", "symbol-exact", "=", { "intrinsic", { elements = { "return metalanguage.symbol_exact" }, kind = "string" }, ":", { "reducer-type", { "tuple-desc", { "s", ":", "host-string" } }, { "tuple-desc" } } } }, { "let", "inferrable-enum-cons", "=", { "intrinsic", { elements = { "return terms.unanchored_inferrable_term.enum_cons" }, kind = "string" }, ":", { "host-func-type", { { "name", ":", "host-string" }, { "arg", ":", "host-inferrable-term" } }, "->", { { "res", ":", "host-inferrable-term" } } } } } }
