{ { { "a", "b" }, { "c" } }, { { "a", "b" }, { "c" } }, { { "f" }, { "a" } }, { "f", "a" }, { "f", { "a" } }, { { "f", "a" }, { "b" } }, { { "f", { "a", "b" } }, { "c", "d" } }, { "f", { "a" }, { "b" } }, { { "f", "a" }, "b" }, { { "f", { "a", "b" } }, "b", "c" }, { { { "f", "a" } }, { "b" } } }
