{ { "curly-list", "%-", "call", { "alicorn::func_decl", { elements = { "public func" }, kind = "string" }, "func", 0 }, "%" } }
